/home/ubuntu/miniconda3/envs/sam3d-objects/lib/python3.11/site-packages/torch/cuda/__init__.py:63: FutureWarning: The pynvml package is deprecated. Please install nvidia-ml-py instead. If you did not install pynvml directly, please report this to the maintainers of the package that installed pynvml for you.
  import pynvml  # type: ignore[import]
Traceback (most recent call last):
  File "/home/ubuntu/sam-3d-objects/demo.py", line 5, in <module>
    from inference import Inference, load_image, load_single_mask
  File "/home/ubuntu/sam-3d-objects/notebook/inference.py", line 25, in <module>
    from kaolin.visualize import IpyTurntableVisualizer
  File "/home/ubuntu/miniconda3/envs/sam3d-objects/lib/python3.11/site-packages/kaolin/__init__.py", line 1, in <module>
    from . import io
  File "/home/ubuntu/miniconda3/envs/sam3d-objects/lib/python3.11/site-packages/kaolin/io/__init__.py", line 1, in <module>
    from . import dataset
  File "/home/ubuntu/miniconda3/envs/sam3d-objects/lib/python3.11/site-packages/kaolin/io/dataset.py", line 31, in <module>
    from  ..utils.testing import contained_torch_equal
  File "/home/ubuntu/miniconda3/envs/sam3d-objects/lib/python3.11/site-packages/kaolin/utils/__init__.py", line 1, in <module>
    from . import testing
  File "/home/ubuntu/miniconda3/envs/sam3d-objects/lib/python3.11/site-packages/kaolin/utils/testing.py", line 29, in <module>
    import kaolin.ops.random as random
  File "/home/ubuntu/miniconda3/envs/sam3d-objects/lib/python3.11/site-packages/kaolin/ops/__init__.py", line 1, in <module>
    from . import batch
  File "/home/ubuntu/miniconda3/envs/sam3d-objects/lib/python3.11/site-packages/kaolin/ops/batch.py", line 17, in <module>
    from kaolin import _C
ImportError: /home/ubuntu/miniconda3/envs/sam3d-objects/lib/python3.11/site-packages/kaolin/_C.so: undefined symbol: _ZN3c105ErrorC2ENS_14SourceLocationESs
